// Jest Snapshot v1, https://goo.gl/fbAQLP

exports[`Customer testing When customer is Jesus Virgen 1`] = `
{
  "balance": 500,
  "name": "Jesus Virgen",
  "type": "Premium",
}
`;
